xFormers not available
xFormers not available
[2026-06-03 10:54:49] === 07. Inference + STL export ===
[2026-06-03 10:54:49]   infer profile: coarse0p30_refine0p10_rawstop
[2026-06-03 10:54:49]   frame: Patient1/04
[2026-06-03 10:54:49]   B depth: /workspace/AR/data_case/Patient1/04/depth/da2_intraop.npy
[2026-06-03 10:54:49]   allow zero depth: False
[2026-06-03 10:54:49]   weight: /workspace/AR/result/Patient1/02/best.pth
[2026-06-03 10:54:49]   UPDATE_MODE: right
[2026-06-03 10:54:49]   damping: first_base_trans=0.400, first_base_rot=0.400, first_step=0.750, refine_trans=0.100, refine_rot=0.100, max_iter=10
[2026-06-03 10:54:49]   step clip: max_trans=0.000 mm, max_rot=0.000 deg (0 disables)
[2026-06-03 10:54:49]   stop: raw_trans<0.200 mm and raw_rot<0.200 deg for 2 consecutive step(s)
[2026-06-03 10:54:49]   diverge: raw_trans>120.0 mm or raw_rot>45.0 deg or pose_drift>200.0 mm
[2026-06-03 10:54:49]   extra stops: stop_drift=0.0 mm, raw_worsen_patience=1, raw_score_rot_weight=5.00
[2026-06-03 10:54:49]   selection: best_by=last, accept_by_score=False, score_patience=0
[2026-06-03 10:54:49]   log: /workspace/AR/data_case/Patient1/04/pred/infer.log
[2026-06-03 10:54:49] Iter 00: contour_score=45.3141 mask_iou=0.0000
[2026-06-03 10:54:50] Iter 01: raw_trans=70.1889 mm raw_rot=23.6205 deg | raw_score=188.2915 | damped_trans=21.0567 mm damped_rot=7.0862 deg | drift=21.0567 mm | contour_score=63.8845 mask_iou=0.0000
[2026-06-03 10:54:50] Iter 02: raw_trans=46.3217 mm raw_rot=13.6886 deg | raw_score=114.7648 | damped_trans=4.6322 mm damped_rot=1.3689 deg | drift=25.3988 mm | contour_score=64.3447 mask_iou=0.0000
[2026-06-03 10:54:51] Iter 03: raw_trans=34.5677 mm raw_rot=7.6634 deg | raw_score=72.8847 | damped_trans=3.4568 mm damped_rot=0.7662 deg | drift=28.5234 mm | contour_score=64.2546 mask_iou=0.0000
[2026-06-03 10:54:52] Iter 04: raw_trans=32.6898 mm raw_rot=4.6519 deg | raw_score=55.9491 | damped_trans=3.2690 mm damped_rot=0.4656 deg | drift=31.1632 mm | contour_score=64.4420 mask_iou=0.0000
[2026-06-03 10:54:52] Iter 05: raw_trans=36.9186 mm raw_rot=2.8937 deg | raw_score=51.3870 | damped_trans=3.6919 mm damped_rot=0.2894 deg | drift=33.4232 mm | contour_score=64.6486 mask_iou=0.0000
[2026-06-03 10:54:53] Iter 06: raw_trans=36.7697 mm raw_rot=2.3278 deg | raw_score=48.4085 | damped_trans=3.6770 mm damped_rot=0.2324 deg | drift=35.6792 mm | contour_score=64.6021 mask_iou=0.0000
[2026-06-03 10:54:53] Iter 07: raw_trans=32.8599 mm raw_rot=2.8689 deg | raw_score=47.2047 | damped_trans=3.2860 mm damped_rot=0.2867 deg | drift=37.9683 mm | contour_score=64.4315 mask_iou=0.0000
[2026-06-03 10:54:54] Iter 08: raw_trans=30.3001 mm raw_rot=2.9906 deg | raw_score=45.2529 | damped_trans=3.0300 mm damped_rot=0.2987 deg | drift=40.1344 mm | contour_score=64.1686 mask_iou=0.0000
[2026-06-03 10:54:55] Iter 09: raw_trans=25.9771 mm raw_rot=3.5106 deg | raw_score=43.5299 | damped_trans=2.5977 mm damped_rot=0.3517 deg | drift=42.1666 mm | contour_score=63.9044 mask_iou=0.0000
[2026-06-03 10:54:55] Iter 10: raw_trans=26.7727 mm raw_rot=4.2000 deg | raw_score=47.7728 | damped_trans=2.6773 mm damped_rot=0.4196 deg | drift=44.2508 mm | contour_score=63.4401 mask_iou=0.0000
[2026-06-03 10:54:55] [OK] raw update score did not improve for 1 step(s). best=43.5299 current=47.7728
[2026-06-03 10:54:55] [OK] stop_reason: raw_score_no_improve
[2026-06-03 10:54:55] [OK] selected_iter: 10 (last), contour_score=63.4401
[2026-06-03 10:54:55] [OK] final_pose: /workspace/AR/data_case/Patient1/04/pred/final_pose.txt
[2026-06-03 10:54:55] [OK] Evaluation STL: /workspace/AR/result/Patient1/04/evaluation/Registration Methods/FoundationPose/Patient1/04.stl
[2026-06-03 10:54:55] [OK] MATLAB evaluation STL: /workspace/AR/src_data/Registration Methods/FoundationPose/Patient1/04.stl
