[2026-06-03 10:55:49] === 07. Inference + STL export ===
[2026-06-03 10:55:49]   infer profile: coarse0p30_refine0p10_rawstop
[2026-06-03 10:55:49]   frame: Patient1/06
[2026-06-03 10:55:49]   B depth: /workspace/AR/data_case/Patient1/06/depth/da2_intraop.npy
[2026-06-03 10:55:49]   allow zero depth: False
[2026-06-03 10:55:49]   weight: /workspace/AR/result/Patient1/02/best.pth
[2026-06-03 10:55:49]   UPDATE_MODE: right
[2026-06-03 10:55:49]   damping: first_base_trans=0.400, first_base_rot=0.400, first_step=0.750, refine_trans=0.100, refine_rot=0.100, max_iter=10
[2026-06-03 10:55:49]   step clip: max_trans=0.000 mm, max_rot=0.000 deg (0 disables)
[2026-06-03 10:55:49]   stop: raw_trans<0.200 mm and raw_rot<0.200 deg for 2 consecutive step(s)
[2026-06-03 10:55:49]   diverge: raw_trans>120.0 mm or raw_rot>45.0 deg or pose_drift>200.0 mm
[2026-06-03 10:55:49]   extra stops: stop_drift=0.0 mm, raw_worsen_patience=1, raw_score_rot_weight=5.00
[2026-06-03 10:55:49]   selection: best_by=last, accept_by_score=False, score_patience=0
[2026-06-03 10:55:49]   log: /workspace/AR/data_case/Patient1/06/pred/infer.log
[2026-06-03 10:55:49] Iter 00: contour_score=46.7536 mask_iou=0.0000
[2026-06-03 10:55:50] Iter 01: raw_trans=69.8260 mm raw_rot=18.4030 deg | raw_score=161.8410 | damped_trans=20.9478 mm damped_rot=5.5209 deg | drift=20.9478 mm | contour_score=63.5799 mask_iou=0.0000
[2026-06-03 10:55:51] Iter 02: raw_trans=34.9814 mm raw_rot=10.1005 deg | raw_score=85.4838 | damped_trans=3.4981 mm damped_rot=1.0103 deg | drift=24.2431 mm | contour_score=63.9318 mask_iou=0.0000
[2026-06-03 10:55:51] Iter 03: raw_trans=33.8050 mm raw_rot=9.1449 deg | raw_score=79.5295 | damped_trans=3.3805 mm damped_rot=0.9143 deg | drift=27.6136 mm | contour_score=64.2828 mask_iou=0.0000
[2026-06-03 10:55:52] Iter 04: raw_trans=24.8374 mm raw_rot=3.3488 deg | raw_score=41.5813 | damped_trans=2.4837 mm damped_rot=0.3357 deg | drift=29.9196 mm | contour_score=64.5905 mask_iou=0.0000
[2026-06-03 10:55:52] Iter 05: raw_trans=25.2661 mm raw_rot=2.8861 deg | raw_score=39.6966 | damped_trans=2.5266 mm damped_rot=0.2880 deg | drift=31.5914 mm | contour_score=64.8535 mask_iou=0.0000
[2026-06-03 10:55:53] Iter 06: raw_trans=36.4849 mm raw_rot=2.3428 deg | raw_score=48.1991 | damped_trans=3.6485 mm damped_rot=0.2341 deg | drift=33.5403 mm | contour_score=64.8600 mask_iou=0.0000
[2026-06-03 10:55:53] [OK] raw update score did not improve for 1 step(s). best=39.6966 current=48.1991
[2026-06-03 10:55:53] [OK] stop_reason: raw_score_no_improve
[2026-06-03 10:55:53] [OK] selected_iter: 06 (last), contour_score=64.8600
[2026-06-03 10:55:53] [OK] final_pose: /workspace/AR/data_case/Patient1/06/pred/final_pose.txt
[2026-06-03 10:55:53] [OK] Evaluation STL: /workspace/AR/result/Patient1/06/evaluation/Registration Methods/FoundationPose/Patient1/06.stl
[2026-06-03 10:55:53] [OK] MATLAB evaluation STL: /workspace/AR/src_data/Registration Methods/FoundationPose/Patient1/06.stl
