xFormers not available
xFormers not available
[2026-06-03 10:56:40] === 07. Inference + STL export ===
[2026-06-03 10:56:40]   infer profile: coarse0p30_refine0p10_rawstop
[2026-06-03 10:56:40]   frame: Patient1/07
[2026-06-03 10:56:40]   B depth: /workspace/AR/data_case/Patient1/07/depth/da2_intraop.npy
[2026-06-03 10:56:40]   allow zero depth: False
[2026-06-03 10:56:40]   weight: /workspace/AR/result/Patient1/02/best.pth
[2026-06-03 10:56:40]   UPDATE_MODE: right
[2026-06-03 10:56:40]   damping: first_base_trans=0.400, first_base_rot=0.400, first_step=0.750, refine_trans=0.100, refine_rot=0.100, max_iter=10
[2026-06-03 10:56:40]   step clip: max_trans=0.000 mm, max_rot=0.000 deg (0 disables)
[2026-06-03 10:56:40]   stop: raw_trans<0.200 mm and raw_rot<0.200 deg for 2 consecutive step(s)
[2026-06-03 10:56:40]   diverge: raw_trans>120.0 mm or raw_rot>45.0 deg or pose_drift>200.0 mm
[2026-06-03 10:56:40]   extra stops: stop_drift=0.0 mm, raw_worsen_patience=1, raw_score_rot_weight=5.00
[2026-06-03 10:56:40]   selection: best_by=last, accept_by_score=False, score_patience=0
[2026-06-03 10:56:40]   log: /workspace/AR/data_case/Patient1/07/pred/infer.log
[2026-06-03 10:56:40] Iter 00: contour_score=48.8630 mask_iou=0.0001
[2026-06-03 10:56:41] Iter 01: raw_trans=72.0516 mm raw_rot=19.7668 deg | raw_score=170.8854 | damped_trans=21.6155 mm damped_rot=5.9300 deg | drift=21.6155 mm | contour_score=62.7214 mask_iou=0.0000
[2026-06-03 10:56:41] Iter 02: raw_trans=39.6616 mm raw_rot=10.8334 deg | raw_score=93.8288 | damped_trans=3.9662 mm damped_rot=1.0835 deg | drift=25.4758 mm | contour_score=63.9656 mask_iou=0.0000
[2026-06-03 10:56:42] Iter 03: raw_trans=33.4151 mm raw_rot=5.8099 deg | raw_score=62.4648 | damped_trans=3.3415 mm damped_rot=0.5815 deg | drift=28.7898 mm | contour_score=64.5594 mask_iou=0.0000
[2026-06-03 10:56:43] Iter 04: raw_trans=36.7066 mm raw_rot=2.9926 deg | raw_score=51.6698 | damped_trans=3.6707 mm damped_rot=0.2987 deg | drift=31.2998 mm | contour_score=64.6692 mask_iou=0.0000
[2026-06-03 10:56:43] Iter 05: raw_trans=37.1816 mm raw_rot=2.5123 deg | raw_score=49.7432 | damped_trans=3.7182 mm damped_rot=0.2502 deg | drift=33.6091 mm | contour_score=64.2179 mask_iou=0.0000
[2026-06-03 10:56:44] Iter 06: raw_trans=37.2715 mm raw_rot=2.5835 deg | raw_score=50.1888 | damped_trans=3.7271 mm damped_rot=0.2594 deg | drift=36.0837 mm | contour_score=63.4560 mask_iou=0.0000
[2026-06-03 10:56:44] [OK] raw update score did not improve for 1 step(s). best=49.7432 current=50.1888
[2026-06-03 10:56:44] [OK] stop_reason: raw_score_no_improve
[2026-06-03 10:56:44] [OK] selected_iter: 06 (last), contour_score=63.4560
[2026-06-03 10:56:44] [OK] final_pose: /workspace/AR/data_case/Patient1/07/pred/final_pose.txt
[2026-06-03 10:56:44] [OK] Evaluation STL: /workspace/AR/result/Patient1/07/evaluation/Registration Methods/FoundationPose/Patient1/07.stl
[2026-06-03 10:56:44] [OK] MATLAB evaluation STL: /workspace/AR/src_data/Registration Methods/FoundationPose/Patient1/07.stl
