[2026-06-03 10:59:12] === 07. Inference + STL export ===
[2026-06-03 10:59:12]   infer profile: coarse0p30_refine0p10_rawstop
[2026-06-03 10:59:12]   frame: Patient1/10
[2026-06-03 10:59:12]   B depth: /workspace/AR/data_case/Patient1/10/depth/da2_intraop.npy
[2026-06-03 10:59:12]   allow zero depth: False
[2026-06-03 10:59:12]   weight: /workspace/AR/result/Patient1/02/best.pth
[2026-06-03 10:59:12]   UPDATE_MODE: right
[2026-06-03 10:59:12]   damping: first_base_trans=0.400, first_base_rot=0.400, first_step=0.750, refine_trans=0.100, refine_rot=0.100, max_iter=10
[2026-06-03 10:59:12]   step clip: max_trans=0.000 mm, max_rot=0.000 deg (0 disables)
[2026-06-03 10:59:12]   stop: raw_trans<0.200 mm and raw_rot<0.200 deg for 2 consecutive step(s)
[2026-06-03 10:59:12]   diverge: raw_trans>120.0 mm or raw_rot>45.0 deg or pose_drift>200.0 mm
[2026-06-03 10:59:12]   extra stops: stop_drift=0.0 mm, raw_worsen_patience=1, raw_score_rot_weight=5.00
[2026-06-03 10:59:12]   selection: best_by=last, accept_by_score=False, score_patience=0
[2026-06-03 10:59:12]   log: /workspace/AR/data_case/Patient1/10/pred/infer.log
[2026-06-03 10:59:12] Iter 00: contour_score=48.5753 mask_iou=0.0026
[2026-06-03 10:59:13] Iter 01: raw_trans=78.8806 mm raw_rot=23.2589 deg | raw_score=195.1750 | damped_trans=23.6642 mm damped_rot=6.9776 deg | drift=23.6642 mm | contour_score=61.3928 mask_iou=0.0026
[2026-06-03 10:59:13] Iter 02: raw_trans=39.7196 mm raw_rot=11.0839 deg | raw_score=95.1390 | damped_trans=3.9720 mm damped_rot=1.1085 deg | drift=27.4280 mm | contour_score=61.9344 mask_iou=0.0027
[2026-06-03 10:59:14] Iter 03: raw_trans=25.1217 mm raw_rot=4.9643 deg | raw_score=49.9431 | damped_trans=2.5122 mm damped_rot=0.4965 deg | drift=29.8325 mm | contour_score=62.2496 mask_iou=0.0026
[2026-06-03 10:59:14] Iter 04: raw_trans=14.2946 mm raw_rot=3.5167 deg | raw_score=31.8780 | damped_trans=1.4295 mm damped_rot=0.3517 deg | drift=30.7728 mm | contour_score=62.4743 mask_iou=0.0025
[2026-06-03 10:59:15] Iter 05: raw_trans=17.5149 mm raw_rot=2.9814 deg | raw_score=32.4217 | damped_trans=1.7515 mm damped_rot=0.2987 deg | drift=31.6567 mm | contour_score=62.6921 mask_iou=0.0023
[2026-06-03 10:59:15] [OK] raw update score did not improve for 1 step(s). best=31.8780 current=32.4217
[2026-06-03 10:59:15] [OK] stop_reason: raw_score_no_improve
[2026-06-03 10:59:15] [OK] selected_iter: 05 (last), contour_score=62.6921
[2026-06-03 10:59:15] [OK] final_pose: /workspace/AR/data_case/Patient1/10/pred/final_pose.txt
[2026-06-03 10:59:15] [OK] Evaluation STL: /workspace/AR/result/Patient1/10/evaluation/Registration Methods/FoundationPose/Patient1/10.stl
[2026-06-03 10:59:15] [OK] MATLAB evaluation STL: /workspace/AR/src_data/Registration Methods/FoundationPose/Patient1/10.stl
